-- Found ament_cmake: 2.5.4 (/opt/ros/jazzy/share/ament_cmake/cmake)
-- Override CMake install command with custom implementation using symlinks instead of copying resources
-- Configuring done (0.5s)
-- Generating done (0.0s)
-- Build files have been written to: /home/student/Git-projects/AI_driven_robotics_project_A2/build/a2_workcell_description
-- Install configuration: ""
-- Execute custom install script
-- Symlinking: /home/student/Git-projects/AI_driven_robotics_project_A2/install/a2_workcell_description/share/a2_workcell_description/launch/display_workcell.launch.py
-- Up-to-date symlink: /home/student/Git-projects/AI_driven_robotics_project_A2/install/a2_workcell_description/share/a2_workcell_description/urdf/workcell.urdf.xacro
-- Up-to-date symlink: /home/student/Git-projects/AI_driven_robotics_project_A2/install/a2_workcell_description/share/ament_index/resource_index/package_run_dependencies/a2_workcell_description
-- Up-to-date symlink: /home/student/Git-projects/AI_driven_robotics_project_A2/install/a2_workcell_description/share/ament_index/resource_index/parent_prefix_path/a2_workcell_description
-- Up-to-date symlink: /home/student/Git-projects/AI_driven_robotics_project_A2/install/a2_workcell_description/share/a2_workcell_description/environment/ament_prefix_path.sh
-- Up-to-date symlink: /home/student/Git-projects/AI_driven_robotics_project_A2/install/a2_workcell_description/share/a2_workcell_description/environment/ament_prefix_path.dsv
-- Up-to-date symlink: /home/student/Git-projects/AI_driven_robotics_project_A2/install/a2_workcell_description/share/a2_workcell_description/environment/path.sh
-- Up-to-date symlink: /home/student/Git-projects/AI_driven_robotics_project_A2/install/a2_workcell_description/share/a2_workcell_description/environment/path.dsv
-- Up-to-date symlink: /home/student/Git-projects/AI_driven_robotics_project_A2/install/a2_workcell_description/share/a2_workcell_description/local_setup.bash
-- Up-to-date symlink: /home/student/Git-projects/AI_driven_robotics_project_A2/install/a2_workcell_description/share/a2_workcell_description/local_setup.sh
-- Up-to-date symlink: /home/student/Git-projects/AI_driven_robotics_project_A2/install/a2_workcell_description/share/a2_workcell_description/local_setup.zsh
-- Up-to-date symlink: /home/student/Git-projects/AI_driven_robotics_project_A2/install/a2_workcell_description/share/a2_workcell_description/local_setup.dsv
-- Symlinking: /home/student/Git-projects/AI_driven_robotics_project_A2/install/a2_workcell_description/share/a2_workcell_description/package.dsv
-- Up-to-date symlink: /home/student/Git-projects/AI_driven_robotics_project_A2/install/a2_workcell_description/share/ament_index/resource_index/packages/a2_workcell_description
-- Up-to-date symlink: /home/student/Git-projects/AI_driven_robotics_project_A2/install/a2_workcell_description/share/a2_workcell_description/cmake/a2_workcell_descriptionConfig.cmake
-- Up-to-date symlink: /home/student/Git-projects/AI_driven_robotics_project_A2/install/a2_workcell_description/share/a2_workcell_description/cmake/a2_workcell_descriptionConfig-version.cmake
-- Up-to-date symlink: /home/student/Git-projects/AI_driven_robotics_project_A2/install/a2_workcell_description/share/a2_workcell_description/package.xml
