[0.021s] Invoking command in '/home/student/Git-projects/AI_driven_robotics_project_A2/build/a2_workcell_description': CMAKE_PREFIX_PATH=${CMAKE_PREFIX_PATH}:/home/student/Git-projects/AI_driven_robotics_project_A2/install/uf_ros_lib:/home/student/my_uf_ws/install/my_uf_description:/home/student/my_uf_ws/install/my_uf_demo:/home/student/my_uf_ws/install/my_uf_bringup:/home/student/ros2_industrial_ws/install/urdf_basics:/home/student/ros2_industrial_ws/install/transferframes:/home/student/ros2_industrial_ws/install/time_publisher:/home/student/ros2_industrial_ws/install/template_package_python:/home/student/ros2_industrial_ws/install/ros_industrial_utilities:/home/student/ros2_industrial_ws/install/ros_industrial_support:/home/student/ros2_industrial_ws/install/range_sensor:/home/student/ros2_industrial_ws/install/node_demo:/home/student/ros2_industrial_ws/install/manipulation:/home/student/ros2_industrial_ws/install/fanuc_robots:/home/student/xarm_ws/install/uf_ros_lib:/opt/ros/jazzy DEBUGINFOD_URLS=https://debuginfod.ubuntu.com /usr/bin/cmake --build /home/student/Git-projects/AI_driven_robotics_project_A2/build/a2_workcell_description -- -j12 -l12
[0.055s] -- Found ament_cmake: 2.5.4 (/opt/ros/jazzy/share/ament_cmake/cmake)
[0.367s] -- Override CMake install command with custom implementation using symlinks instead of copying resources
[0.505s] -- Configuring done (0.5s)
[0.511s] -- Generating done (0.0s)
[0.514s] -- Build files have been written to: /home/student/Git-projects/AI_driven_robotics_project_A2/build/a2_workcell_description
[0.548s] Invoked command in '/home/student/Git-projects/AI_driven_robotics_project_A2/build/a2_workcell_description' returned '0': CMAKE_PREFIX_PATH=${CMAKE_PREFIX_PATH}:/home/student/Git-projects/AI_driven_robotics_project_A2/install/uf_ros_lib:/home/student/my_uf_ws/install/my_uf_description:/home/student/my_uf_ws/install/my_uf_demo:/home/student/my_uf_ws/install/my_uf_bringup:/home/student/ros2_industrial_ws/install/urdf_basics:/home/student/ros2_industrial_ws/install/transferframes:/home/student/ros2_industrial_ws/install/time_publisher:/home/student/ros2_industrial_ws/install/template_package_python:/home/student/ros2_industrial_ws/install/ros_industrial_utilities:/home/student/ros2_industrial_ws/install/ros_industrial_support:/home/student/ros2_industrial_ws/install/range_sensor:/home/student/ros2_industrial_ws/install/node_demo:/home/student/ros2_industrial_ws/install/manipulation:/home/student/ros2_industrial_ws/install/fanuc_robots:/home/student/xarm_ws/install/uf_ros_lib:/opt/ros/jazzy DEBUGINFOD_URLS=https://debuginfod.ubuntu.com /usr/bin/cmake --build /home/student/Git-projects/AI_driven_robotics_project_A2/build/a2_workcell_description -- -j12 -l12
[0.565s] Invoking command in '/home/student/Git-projects/AI_driven_robotics_project_A2/build/a2_workcell_description': CMAKE_PREFIX_PATH=${CMAKE_PREFIX_PATH}:/home/student/Git-projects/AI_driven_robotics_project_A2/install/uf_ros_lib:/home/student/my_uf_ws/install/my_uf_description:/home/student/my_uf_ws/install/my_uf_demo:/home/student/my_uf_ws/install/my_uf_bringup:/home/student/ros2_industrial_ws/install/urdf_basics:/home/student/ros2_industrial_ws/install/transferframes:/home/student/ros2_industrial_ws/install/time_publisher:/home/student/ros2_industrial_ws/install/template_package_python:/home/student/ros2_industrial_ws/install/ros_industrial_utilities:/home/student/ros2_industrial_ws/install/ros_industrial_support:/home/student/ros2_industrial_ws/install/range_sensor:/home/student/ros2_industrial_ws/install/node_demo:/home/student/ros2_industrial_ws/install/manipulation:/home/student/ros2_industrial_ws/install/fanuc_robots:/home/student/xarm_ws/install/uf_ros_lib:/opt/ros/jazzy DEBUGINFOD_URLS=https://debuginfod.ubuntu.com /usr/bin/cmake --install /home/student/Git-projects/AI_driven_robotics_project_A2/build/a2_workcell_description
[0.578s] -- Install configuration: ""
[0.579s] -- Execute custom install script
[0.580s] -- Symlinking: /home/student/Git-projects/AI_driven_robotics_project_A2/install/a2_workcell_description/share/a2_workcell_description/launch/display_workcell.launch.py
[0.594s] -- Up-to-date symlink: /home/student/Git-projects/AI_driven_robotics_project_A2/install/a2_workcell_description/share/a2_workcell_description/urdf/workcell.urdf.xacro
[0.595s] -- Up-to-date symlink: /home/student/Git-projects/AI_driven_robotics_project_A2/install/a2_workcell_description/share/ament_index/resource_index/package_run_dependencies/a2_workcell_description
[0.595s] -- Up-to-date symlink: /home/student/Git-projects/AI_driven_robotics_project_A2/install/a2_workcell_description/share/ament_index/resource_index/parent_prefix_path/a2_workcell_description
[0.595s] -- Up-to-date symlink: /home/student/Git-projects/AI_driven_robotics_project_A2/install/a2_workcell_description/share/a2_workcell_description/environment/ament_prefix_path.sh
[0.595s] -- Up-to-date symlink: /home/student/Git-projects/AI_driven_robotics_project_A2/install/a2_workcell_description/share/a2_workcell_description/environment/ament_prefix_path.dsv
[0.596s] -- Up-to-date symlink: /home/student/Git-projects/AI_driven_robotics_project_A2/install/a2_workcell_description/share/a2_workcell_description/environment/path.sh
[0.596s] -- Up-to-date symlink: /home/student/Git-projects/AI_driven_robotics_project_A2/install/a2_workcell_description/share/a2_workcell_description/environment/path.dsv
[0.597s] -- Up-to-date symlink: /home/student/Git-projects/AI_driven_robotics_project_A2/install/a2_workcell_description/share/a2_workcell_description/local_setup.bash
[0.597s] -- Up-to-date symlink: /home/student/Git-projects/AI_driven_robotics_project_A2/install/a2_workcell_description/share/a2_workcell_description/local_setup.sh
[0.597s] -- Up-to-date symlink: /home/student/Git-projects/AI_driven_robotics_project_A2/install/a2_workcell_description/share/a2_workcell_description/local_setup.zsh
[0.597s] -- Up-to-date symlink: /home/student/Git-projects/AI_driven_robotics_project_A2/install/a2_workcell_description/share/a2_workcell_description/local_setup.dsv
[0.597s] -- Symlinking: /home/student/Git-projects/AI_driven_robotics_project_A2/install/a2_workcell_description/share/a2_workcell_description/package.dsv
[0.613s] -- Up-to-date symlink: /home/student/Git-projects/AI_driven_robotics_project_A2/install/a2_workcell_description/share/ament_index/resource_index/packages/a2_workcell_description
[0.613s] -- Up-to-date symlink: /home/student/Git-projects/AI_driven_robotics_project_A2/install/a2_workcell_description/share/a2_workcell_description/cmake/a2_workcell_descriptionConfig.cmake
[0.613s] -- Up-to-date symlink: /home/student/Git-projects/AI_driven_robotics_project_A2/install/a2_workcell_description/share/a2_workcell_description/cmake/a2_workcell_descriptionConfig-version.cmake
[0.613s] -- Up-to-date symlink: /home/student/Git-projects/AI_driven_robotics_project_A2/install/a2_workcell_description/share/a2_workcell_description/package.xml
[0.617s] Invoked command in '/home/student/Git-projects/AI_driven_robotics_project_A2/build/a2_workcell_description' returned '0': CMAKE_PREFIX_PATH=${CMAKE_PREFIX_PATH}:/home/student/Git-projects/AI_driven_robotics_project_A2/install/uf_ros_lib:/home/student/my_uf_ws/install/my_uf_description:/home/student/my_uf_ws/install/my_uf_demo:/home/student/my_uf_ws/install/my_uf_bringup:/home/student/ros2_industrial_ws/install/urdf_basics:/home/student/ros2_industrial_ws/install/transferframes:/home/student/ros2_industrial_ws/install/time_publisher:/home/student/ros2_industrial_ws/install/template_package_python:/home/student/ros2_industrial_ws/install/ros_industrial_utilities:/home/student/ros2_industrial_ws/install/ros_industrial_support:/home/student/ros2_industrial_ws/install/range_sensor:/home/student/ros2_industrial_ws/install/node_demo:/home/student/ros2_industrial_ws/install/manipulation:/home/student/ros2_industrial_ws/install/fanuc_robots:/home/student/xarm_ws/install/uf_ros_lib:/opt/ros/jazzy DEBUGINFOD_URLS=https://debuginfod.ubuntu.com /usr/bin/cmake --install /home/student/Git-projects/AI_driven_robotics_project_A2/build/a2_workcell_description
