[1.917s] Invoking command in '/home/student/Git-projects/AI_driven_robotics_project_A2/build/uf_ros_lib': DEBUGINFOD_URLS=https://debuginfod.ubuntu.com PYTHONPATH=/home/student/Git-projects/AI_driven_robotics_project_A2/build/uf_ros_lib/prefix_override:/usr/lib/python3/dist-packages/colcon_core/task/python/colcon_distutils_commands:/home/student/Git-projects/AI_driven_robotics_project_A2/install/uf_ros_lib/lib/python3.12/site-packages:${PYTHONPATH} /usr/bin/python3 -W ignore:setup.py install is deprecated -W ignore:easy_install command is deprecated setup.py develop --editable --build-directory /home/student/Git-projects/AI_driven_robotics_project_A2/build/uf_ros_lib/build --no-deps symlink_data
[2.970s] running develop
[4.076s] running egg_info
[4.076s] creating uf_ros_lib.egg-info
[4.150s] writing uf_ros_lib.egg-info/PKG-INFO
[4.150s] writing dependency_links to uf_ros_lib.egg-info/dependency_links.txt
[4.151s] writing requirements to uf_ros_lib.egg-info/requires.txt
[4.151s] writing top-level names to uf_ros_lib.egg-info/top_level.txt
[4.151s] writing manifest file 'uf_ros_lib.egg-info/SOURCES.txt'
[4.298s] reading manifest file 'uf_ros_lib.egg-info/SOURCES.txt'
[4.301s] writing manifest file 'uf_ros_lib.egg-info/SOURCES.txt'
[4.372s] running build_ext
[4.372s] Creating /home/student/Git-projects/AI_driven_robotics_project_A2/install/uf_ros_lib/lib/python3.12/site-packages/uf-ros-lib.egg-link (link to .)
[4.372s] 
[4.373s] Installed /home/student/Git-projects/AI_driven_robotics_project_A2/build/uf_ros_lib
[4.373s] running symlink_data
[4.373s] creating /home/student/Git-projects/AI_driven_robotics_project_A2/install/uf_ros_lib/share/ament_index
[4.373s] creating /home/student/Git-projects/AI_driven_robotics_project_A2/install/uf_ros_lib/share/ament_index/resource_index
[4.374s] creating /home/student/Git-projects/AI_driven_robotics_project_A2/install/uf_ros_lib/share/ament_index/resource_index/packages
[4.374s] symbolically linking /home/student/Git-projects/AI_driven_robotics_project_A2/build/uf_ros_lib/resource/uf_ros_lib -> /home/student/Git-projects/AI_driven_robotics_project_A2/install/uf_ros_lib/share/ament_index/resource_index/packages
[4.374s] symbolically linking /home/student/Git-projects/AI_driven_robotics_project_A2/build/uf_ros_lib/package.xml -> /home/student/Git-projects/AI_driven_robotics_project_A2/install/uf_ros_lib/share/uf_ros_lib
[4.450s] Invoked command in '/home/student/Git-projects/AI_driven_robotics_project_A2/build/uf_ros_lib' returned '0': DEBUGINFOD_URLS=https://debuginfod.ubuntu.com PYTHONPATH=/home/student/Git-projects/AI_driven_robotics_project_A2/build/uf_ros_lib/prefix_override:/usr/lib/python3/dist-packages/colcon_core/task/python/colcon_distutils_commands:/home/student/Git-projects/AI_driven_robotics_project_A2/install/uf_ros_lib/lib/python3.12/site-packages:${PYTHONPATH} /usr/bin/python3 -W ignore:setup.py install is deprecated -W ignore:easy_install command is deprecated setup.py develop --editable --build-directory /home/student/Git-projects/AI_driven_robotics_project_A2/build/uf_ros_lib/build --no-deps symlink_data
