[0.027s] Invoking command in '/home/student/Git-projects/AI_driven_robotics_project_A2/build/a2_workcell_description': CMAKE_PREFIX_PATH=${CMAKE_PREFIX_PATH}:/home/student/my_uf_ws/install/my_uf_description:/home/student/my_uf_ws/install/my_uf_demo:/home/student/my_uf_ws/install/my_uf_bringup:/home/student/ros2_industrial_ws/install/urdf_basics:/home/student/ros2_industrial_ws/install/transferframes:/home/student/ros2_industrial_ws/install/time_publisher:/home/student/ros2_industrial_ws/install/template_package_python:/home/student/ros2_industrial_ws/install/ros_industrial_utilities:/home/student/ros2_industrial_ws/install/ros_industrial_support:/home/student/ros2_industrial_ws/install/range_sensor:/home/student/ros2_industrial_ws/install/node_demo:/home/student/ros2_industrial_ws/install/manipulation:/home/student/ros2_industrial_ws/install/fanuc_robots:/home/student/xarm_ws/install/uf_ros_lib:/opt/ros/jazzy DEBUGINFOD_URLS=https://debuginfod.ubuntu.com /usr/bin/cmake --build /home/student/Git-projects/AI_driven_robotics_project_A2/build/a2_workcell_description -- -j12 -l12
[0.114s] -- Found ament_cmake: 2.5.4 (/opt/ros/jazzy/share/ament_cmake/cmake)
[0.471s] -- Override CMake install command with custom implementation using symlinks instead of copying resources
[0.638s] -- Configuring done (0.5s)
[0.647s] -- Generating done (0.0s)
[0.650s] -- Build files have been written to: /home/student/Git-projects/AI_driven_robotics_project_A2/build/a2_workcell_description
[0.686s] Invoked command in '/home/student/Git-projects/AI_driven_robotics_project_A2/build/a2_workcell_description' returned '0': CMAKE_PREFIX_PATH=${CMAKE_PREFIX_PATH}:/home/student/my_uf_ws/install/my_uf_description:/home/student/my_uf_ws/install/my_uf_demo:/home/student/my_uf_ws/install/my_uf_bringup:/home/student/ros2_industrial_ws/install/urdf_basics:/home/student/ros2_industrial_ws/install/transferframes:/home/student/ros2_industrial_ws/install/time_publisher:/home/student/ros2_industrial_ws/install/template_package_python:/home/student/ros2_industrial_ws/install/ros_industrial_utilities:/home/student/ros2_industrial_ws/install/ros_industrial_support:/home/student/ros2_industrial_ws/install/range_sensor:/home/student/ros2_industrial_ws/install/node_demo:/home/student/ros2_industrial_ws/install/manipulation:/home/student/ros2_industrial_ws/install/fanuc_robots:/home/student/xarm_ws/install/uf_ros_lib:/opt/ros/jazzy DEBUGINFOD_URLS=https://debuginfod.ubuntu.com /usr/bin/cmake --build /home/student/Git-projects/AI_driven_robotics_project_A2/build/a2_workcell_description -- -j12 -l12
[0.702s] Invoking command in '/home/student/Git-projects/AI_driven_robotics_project_A2/build/a2_workcell_description': CMAKE_PREFIX_PATH=${CMAKE_PREFIX_PATH}:/home/student/my_uf_ws/install/my_uf_description:/home/student/my_uf_ws/install/my_uf_demo:/home/student/my_uf_ws/install/my_uf_bringup:/home/student/ros2_industrial_ws/install/urdf_basics:/home/student/ros2_industrial_ws/install/transferframes:/home/student/ros2_industrial_ws/install/time_publisher:/home/student/ros2_industrial_ws/install/template_package_python:/home/student/ros2_industrial_ws/install/ros_industrial_utilities:/home/student/ros2_industrial_ws/install/ros_industrial_support:/home/student/ros2_industrial_ws/install/range_sensor:/home/student/ros2_industrial_ws/install/node_demo:/home/student/ros2_industrial_ws/install/manipulation:/home/student/ros2_industrial_ws/install/fanuc_robots:/home/student/xarm_ws/install/uf_ros_lib:/opt/ros/jazzy DEBUGINFOD_URLS=https://debuginfod.ubuntu.com /usr/bin/cmake --install /home/student/Git-projects/AI_driven_robotics_project_A2/build/a2_workcell_description
[0.715s] -- Install configuration: ""
[0.716s] -- Execute custom install script
[0.717s] -- Up-to-date symlink: /home/student/Git-projects/AI_driven_robotics_project_A2/install/a2_workcell_description/share/a2_workcell_description/launch/display_workcell.launch.py
[0.717s] -- Symlinking: /home/student/Git-projects/AI_driven_robotics_project_A2/install/a2_workcell_description/share/a2_workcell_description/rviz/workcell.rviz
[0.732s] -- Up-to-date symlink: /home/student/Git-projects/AI_driven_robotics_project_A2/install/a2_workcell_description/share/a2_workcell_description/urdf/workcell.urdf.xacro
[0.733s] -- Up-to-date symlink: /home/student/Git-projects/AI_driven_robotics_project_A2/install/a2_workcell_description/share/ament_index/resource_index/package_run_dependencies/a2_workcell_description
[0.734s] -- Up-to-date symlink: /home/student/Git-projects/AI_driven_robotics_project_A2/install/a2_workcell_description/share/ament_index/resource_index/parent_prefix_path/a2_workcell_description
[0.734s] -- Up-to-date symlink: /home/student/Git-projects/AI_driven_robotics_project_A2/install/a2_workcell_description/share/a2_workcell_description/environment/ament_prefix_path.sh
[0.735s] -- Up-to-date symlink: /home/student/Git-projects/AI_driven_robotics_project_A2/install/a2_workcell_description/share/a2_workcell_description/environment/ament_prefix_path.dsv
[0.735s] -- Up-to-date symlink: /home/student/Git-projects/AI_driven_robotics_project_A2/install/a2_workcell_description/share/a2_workcell_description/environment/path.sh
[0.736s] -- Up-to-date symlink: /home/student/Git-projects/AI_driven_robotics_project_A2/install/a2_workcell_description/share/a2_workcell_description/environment/path.dsv
[0.736s] -- Up-to-date symlink: /home/student/Git-projects/AI_driven_robotics_project_A2/install/a2_workcell_description/share/a2_workcell_description/local_setup.bash
[0.737s] -- Up-to-date symlink: /home/student/Git-projects/AI_driven_robotics_project_A2/install/a2_workcell_description/share/a2_workcell_description/local_setup.sh
[0.737s] -- Up-to-date symlink: /home/student/Git-projects/AI_driven_robotics_project_A2/install/a2_workcell_description/share/a2_workcell_description/local_setup.zsh
[0.738s] -- Up-to-date symlink: /home/student/Git-projects/AI_driven_robotics_project_A2/install/a2_workcell_description/share/a2_workcell_description/local_setup.dsv
[0.738s] -- Symlinking: /home/student/Git-projects/AI_driven_robotics_project_A2/install/a2_workcell_description/share/a2_workcell_description/package.dsv
[0.753s] -- Up-to-date symlink: /home/student/Git-projects/AI_driven_robotics_project_A2/install/a2_workcell_description/share/ament_index/resource_index/packages/a2_workcell_description
[0.754s] -- Up-to-date symlink: /home/student/Git-projects/AI_driven_robotics_project_A2/install/a2_workcell_description/share/a2_workcell_description/cmake/a2_workcell_descriptionConfig.cmake
[0.754s] -- Up-to-date symlink: /home/student/Git-projects/AI_driven_robotics_project_A2/install/a2_workcell_description/share/a2_workcell_description/cmake/a2_workcell_descriptionConfig-version.cmake
[0.756s] -- Up-to-date symlink: /home/student/Git-projects/AI_driven_robotics_project_A2/install/a2_workcell_description/share/a2_workcell_description/package.xml
[0.757s] Invoked command in '/home/student/Git-projects/AI_driven_robotics_project_A2/build/a2_workcell_description' returned '0': CMAKE_PREFIX_PATH=${CMAKE_PREFIX_PATH}:/home/student/my_uf_ws/install/my_uf_description:/home/student/my_uf_ws/install/my_uf_demo:/home/student/my_uf_ws/install/my_uf_bringup:/home/student/ros2_industrial_ws/install/urdf_basics:/home/student/ros2_industrial_ws/install/transferframes:/home/student/ros2_industrial_ws/install/time_publisher:/home/student/ros2_industrial_ws/install/template_package_python:/home/student/ros2_industrial_ws/install/ros_industrial_utilities:/home/student/ros2_industrial_ws/install/ros_industrial_support:/home/student/ros2_industrial_ws/install/range_sensor:/home/student/ros2_industrial_ws/install/node_demo:/home/student/ros2_industrial_ws/install/manipulation:/home/student/ros2_industrial_ws/install/fanuc_robots:/home/student/xarm_ws/install/uf_ros_lib:/opt/ros/jazzy DEBUGINFOD_URLS=https://debuginfod.ubuntu.com /usr/bin/cmake --install /home/student/Git-projects/AI_driven_robotics_project_A2/build/a2_workcell_description
